
[1m[46m RUN [49m[22m [36mv3.2.4 [39m[90mD:/workspace/trends/pueblo[39m

 [32m鉁?[39m [30m[45m dom [49m[39m tests/desktop/window-input-output.test.ts [2m([22m[2m14 tests[22m[2m)[22m[33m 2278[2mms[22m[39m
   [33m[2m鉁?[22m[39m Desktop Window Input/Output[2m > [22mshould configure DeepSeek from the desktop panel without echoing the api key into the transcript [33m 501[2mms[22m[39m

[2m Test Files [22m [1m[32m1 passed[39m[22m[90m (1)[39m
[2m      Tests [22m [1m[32m14 passed[39m[22m[90m (14)[39m
[2m   Start at [22m 21:25:16
[2m   Duration [22m 3.54s[2m (transform 133ms, setup 0ms, collect 359ms, tests 2.28s, environment 512ms, prepare 128ms)[22m

